// Jest Snapshot v1, https://goo.gl/fbAQLP

exports[`Storyshots Home a normal component 1`] = `
<div
  className="main"
>
  From App Yo.!
</div>
`;

exports[`Storyshots Loading the default 1`] = `
Object {
  "$$typeof": Symbol(react.portal),
  "children": <div
    className="container"
  >
    LOADING
  </div>,
  "containerInfo": <div
    id="modal"
  />,
  "implementation": null,
  "key": null,
}
`;

exports[`Storyshots SlideBar a normal component 1`] = `
<div
  className="slider"
>
  <span
    className="slider-fill"
    style={
      Object {
        "width": "0%",
      }
    }
  />
  <span
    className="slider-button"
    onMouseDown={[Function]}
    onTouchMove={[Function]}
    style={
      Object {
        "left": "0%",
      }
    }
  >
    0
  </span>
  <div
    className="slider-label"
  >
    <span
      className="slider-label-item twenty-five"
    >
      25
    </span>
    <span
      className="slider-label-item fifty"
    >
      50
    </span>
    <span
      className="slider-label-item seventy-five"
    >
      75
    </span>
    <span
      className="slider-label-item one-hundred"
    >
      100
    </span>
  </div>
</div>
`;

exports[`Storyshots SlideBar with parent's state 1`] = `
<div
  className="slider"
>
  <span
    className="slider-fill"
    style={
      Object {
        "width": "0%",
      }
    }
  />
  <span
    className="slider-button"
    onMouseDown={[Function]}
    onTouchMove={[Function]}
    style={
      Object {
        "left": "0%",
      }
    }
  >
    0
  </span>
  <div
    className="slider-label"
  >
    <span
      className="slider-label-item twenty-five"
    >
      25
    </span>
    <span
      className="slider-label-item fifty"
    >
      50
    </span>
    <span
      className="slider-label-item seventy-five"
    >
      75
    </span>
    <span
      className="slider-label-item one-hundred"
    >
      100
    </span>
  </div>
</div>
`;
